// Jest Snapshot v1, https://goo.gl/fbAQLP

exports[`<App /> renders correctly 1`] = `
<View
  style={
    Object {
      "flex": 1,
    }
  }
>
  <RNCSafeAreaView
    onInsetsChange={[Function]}
    style={
      Object {
        "flex": 1,
      }
    }
  >
    <View
      onLayout={[Function]}
      style={
        Object {
          "flex": 1,
        }
      }
    >
      <View
        pointerEvents="box-none"
        style={
          Object {
            "bottom": 0,
            "left": 0,
            "position": "absolute",
            "right": 0,
            "top": 0,
          }
        }
      >
        <View
          accessibilityElementsHidden={false}
          closing={false}
          gestureVelocityImpact={0.3}
          importantForAccessibility="auto"
          onClose={[Function]}
          onGestureBegin={[Function]}
          onGestureCanceled={[Function]}
          onOpen={[Function]}
          onTransitionStart={[Function]}
          pointerEvents="box-none"
          style={
            Object {
              "bottom": 0,
              "left": 0,
              "position": "absolute",
              "right": 0,
              "top": 0,
            }
          }
          transitionSpec={
            Object {
              "close": Object {
                "animation": "spring",
                "config": Object {
                  "damping": 500,
                  "mass": 3,
                  "overshootClamping": true,
                  "restDisplacementThreshold": 10,
                  "restSpeedThreshold": 10,
                  "stiffness": 1000,
                },
              },
              "open": Object {
                "animation": "spring",
                "config": Object {
                  "damping": 500,
                  "mass": 3,
                  "overshootClamping": true,
                  "restDisplacementThreshold": 10,
                  "restSpeedThreshold": 10,
                  "stiffness": 1000,
                },
              },
            }
          }
        >
          <View
            pointerEvents="box-none"
            style={
              Object {
                "flex": 1,
              }
            }
          >
            <View
              collapsable={false}
              onGestureHandlerEvent={[Function]}
              onGestureHandlerStateChange={[Function]}
              style={
                Object {
                  "flex": 1,
                  "transform": Array [
                    Object {
                      "translateY": 0,
                    },
                  ],
                }
              }
            >
              <View
                style={
                  Array [
                    Object {
                      "flex": 1,
                      "overflow": "hidden",
                    },
                    Array [
                      Object {
                        "backgroundColor": "rgb(242, 242, 242)",
                      },
                      undefined,
                    ],
                  ]
                }
              >
                <View
                  style={
                    Object {
                      "flex": 1,
                      "flexDirection": "column-reverse",
                    }
                  }
                >
                  <View
                    style={
                      Object {
                        "flex": 1,
                      }
                    }
                  >
                    <View
                      style={
                        Object {
                          "flex": 1,
                        }
                      }
                    >
                      <View
                        onLayout={[Function]}
                        style={
                          Object {
                            "flex": 1,
                          }
                        }
                      >
                        <View
                          pointerEvents="box-none"
                          style={
                            Object {
                              "bottom": 0,
                              "left": 0,
                              "position": "absolute",
                              "right": 0,
                              "top": 0,
                            }
                          }
                        >
                          <View
                            accessibilityElementsHidden={false}
                            closing={false}
                            gestureVelocityImpact={0.3}
                            importantForAccessibility="auto"
                            onClose={[Function]}
                            onGestureBegin={[Function]}
                            onGestureCanceled={[Function]}
                            onOpen={[Function]}
                            onTransitionStart={[Function]}
                            pointerEvents="box-none"
                            style={
                              Object {
                                "bottom": 0,
                                "left": 0,
                                "position": "absolute",
                                "right": 0,
                                "top": 0,
                              }
                            }
                            transitionSpec={
                              Object {
                                "close": Object {
                                  "animation": "spring",
                                  "config": Object {
                                    "damping": 500,
                                    "mass": 3,
                                    "overshootClamping": true,
                                    "restDisplacementThreshold": 10,
                                    "restSpeedThreshold": 10,
                                    "stiffness": 1000,
                                  },
                                },
                                "open": Object {
                                  "animation": "spring",
                                  "config": Object {
                                    "damping": 500,
                                    "mass": 3,
                                    "overshootClamping": true,
                                    "restDisplacementThreshold": 10,
                                    "restSpeedThreshold": 10,
                                    "stiffness": 1000,
                                  },
                                },
                              }
                            }
                          >
                            <View
                              pointerEvents="box-none"
                              style={
                                Object {
                                  "flex": 1,
                                  "marginTop": 64,
                                }
                              }
                            >
                              <View
                                collapsable={false}
                                onGestureHandlerEvent={[Function]}
                                onGestureHandlerStateChange={[Function]}
                                style={
                                  Object {
                                    "flex": 1,
                                    "transform": Array [
                                      Object {
                                        "translateX": 0,
                                      },
                                      Object {
                                        "translateX": 0,
                                      },
                                    ],
                                  }
                                }
                              >
                                <View
                                  pointerEvents="none"
                                  style={
                                    Object {
                                      "backgroundColor": "rgb(242, 242, 242)",
                                      "bottom": 0,
                                      "left": 0,
                                      "position": "absolute",
                                      "shadowColor": "#000",
                                      "shadowOffset": Object {
                                        "height": 1,
                                        "width": -1,
                                      },
                                      "shadowOpacity": 0.3,
                                      "shadowRadius": 5,
                                      "top": 0,
                                      "width": 3,
                                    }
                                  }
                                />
                                <View
                                  style={
                                    Array [
                                      Object {
                                        "flex": 1,
                                        "overflow": "hidden",
                                      },
                                      Array [
                                        Object {
                                          "backgroundColor": "rgb(242, 242, 242)",
                                        },
                                        undefined,
                                      ],
                                    ]
                                  }
                                >
                                  <View
                                    style={
                                      Object {
                                        "flex": 1,
                                        "flexDirection": "column-reverse",
                                      }
                                    }
                                  >
                                    <View
                                      style={
                                        Object {
                                          "flex": 1,
                                        }
                                      }
                                    >
                                      <View
                                        style={
                                          Object {
                                            "alignItems": "center",
                                            "backgroundColor": "#121212",
                                            "flex": 1,
                                            "justifyContent": "center",
                                          }
                                        }
                                      >
                                        <View
                                          style={
                                            Object {
                                              "alignItems": "center",
                                              "backgroundColor": "#121212",
                                              "flex": 1,
                                              "justifyContent": "center",
                                            }
                                          }
                                        >
                                          <View
                                            style={
                                              Array [
                                                Object {
                                                  "alignItems": "center",
                                                  "backgroundColor": "#121212",
                                                  "flex": 1,
                                                  "justifyContent": "center",
                                                },
                                                Object {
                                                  "marginTop": 0,
                                                },
                                              ]
                                            }
                                          >
                                            <View
                                              style={
                                                Object {
                                                  "alignItems": "center",
                                                  "backgroundColor": "#121212",
                                                  "flex": 1,
                                                  "justifyContent": "center",
                                                }
                                              }
                                            >
                                              <Text
                                                style={
                                                  Object {
                                                    "color": "#FFF",
                                                    "fontSize": 24,
                                                  }
                                                }
                                              />
                                              <View
                                                style={
                                                  Object {
                                                    "borderBottomColor": "#FFF",
                                                    "borderBottomWidth": 0.5,
                                                    "marginVertical": 8,
                                                    "width": 650,
                                                  }
                                                }
                                              />
                                            </View>
                                          </View>
                                          <View
                                            style={
                                              Array [
                                                Object {
                                                  "alignItems": "center",
                                                  "backgroundColor": "#121212",
                                                  "flex": 1,
                                                  "justifyContent": "center",
                                                },
                                                Object {
                                                  "borderColor": "#2d2d2d",
                                                  "borderWidth": 3,
                                                  "width": 200,
                                                },
                                                Object {
                                                  "flex": 1,
                                                  "flexDirection": "row",
                                                },
                                              ]
                                            }
                                          >
                                            <RCTScrollView
                                              data={Array []}
                                              disableVirtualization={false}
                                              getItem={[Function]}
                                              getItemCount={[Function]}
                                              horizontal={false}
                                              initialNumToRender={10}
                                              keyExtractor={[Function]}
                                              maxToRenderPerBatch={10}
                                              numColumns={1}
                                              onContentSizeChange={[Function]}
                                              onEndReachedThreshold={2}
                                              onLayout={[Function]}
                                              onMomentumScrollEnd={[Function]}
                                              onScroll={[Function]}
                                              onScrollBeginDrag={[Function]}
                                              onScrollEndDrag={[Function]}
                                              removeClippedSubviews={false}
                                              renderItem={[Function]}
                                              scrollEventThrottle={50}
                                              stickyHeaderIndices={Array []}
                                              updateCellsBatchingPeriod={50}
                                              viewabilityConfigCallbackPairs={Array []}
                                              windowSize={21}
                                            >
                                              <View />
                                            </RCTScrollView>
                                          </View>
                                          <View
                                            accessible={true}
                                            focusable={true}
                                            isTVSelectable={true}
                                            onClick={[Function]}
                                            onResponderGrant={[Function]}
                                            onResponderMove={[Function]}
                                            onResponderRelease={[Function]}
                                            onResponderTerminate={[Function]}
                                            onResponderTerminationRequest={[Function]}
                                            onStartShouldSetResponder={[Function]}
                                            style={
                                              Object {
                                                "alignItems": "center",
                                                "backgroundColor": "#CF6679",
                                                "borderRadius": 10,
                                                "justifyContent": "center",
                                                "marginTop": 50,
                                                "opacity": 1,
                                                "padding": 20,
                                              }
                                            }
                                          >
                                            <View>
                                              <Text>
                                                Print user database to console
                                              </Text>
                                            </View>
                                          </View>
                                          <View
                                            accessible={true}
                                            focusable={true}
                                            isTVSelectable={true}
                                            onClick={[Function]}
                                            onResponderGrant={[Function]}
                                            onResponderMove={[Function]}
                                            onResponderRelease={[Function]}
                                            onResponderTerminate={[Function]}
                                            onResponderTerminationRequest={[Function]}
                                            onStartShouldSetResponder={[Function]}
                                            style={
                                              Object {
                                                "alignItems": "center",
                                                "backgroundColor": "#CF6679",
                                                "borderRadius": 10,
                                                "justifyContent": "center",
                                                "marginTop": 50,
                                                "opacity": 1,
                                                "padding": 20,
                                              }
                                            }
                                          >
                                            <View>
                                              <Text>
                                                Print activity database to console
                                              </Text>
                                            </View>
                                          </View>
                                          <View
                                            style={
                                              Array [
                                                Object {
                                                  "alignItems": "flex-end",
                                                  "flex": 1,
                                                  "flexDirection": "row",
                                                  "justifyContent": "center",
                                                  "marginBottom": 35,
                                                },
                                                Object {
                                                  "marginLeft": 616,
                                                },
                                              ]
                                            }
                                          >
                                            <View
                                              accessible={true}
                                              focusable={true}
                                              isTVSelectable={true}
                                              onClick={[Function]}
                                              onResponderGrant={[Function]}
                                              onResponderMove={[Function]}
                                              onResponderRelease={[Function]}
                                              onResponderTerminate={[Function]}
                                              onResponderTerminationRequest={[Function]}
                                              onStartShouldSetResponder={[Function]}
                                              style={
                                                Object {
                                                  "alignItems": "center",
                                                  "backgroundColor": "#BB86FC",
                                                  "borderRadius": 64,
                                                  "justifyContent": "center",
                                                  "opacity": 1,
                                                  "padding": 20,
                                                }
                                              }
                                            >
                                              <View>
                                                <Image
                                                  source={1}
                                                  style={
                                                    Object {
                                                      "height": 32,
                                                      "width": 32,
                                                    }
                                                  }
                                                />
                                              </View>
                                            </View>
                                          </View>
                                        </View>
                                      </View>
                                    </View>
                                  </View>
                                </View>
                              </View>
                            </View>
                          </View>
                        </View>
                      </View>
                      <View
                        pointerEvents="box-none"
                        style={
                          Object {
                            "left": 0,
                            "position": "absolute",
                            "right": 0,
                            "top": 0,
                          }
                        }
                      >
                        <View
                          accessibilityElementsHidden={false}
                          importantForAccessibility="auto"
                          onLayout={[Function]}
                          pointerEvents="box-none"
                          style={null}
                        >
                          <View
                            pointerEvents="box-none"
                            style={
                              Object {
                                "bottom": 0,
                                "left": 0,
                                "opacity": 1,
                                "position": "absolute",
                                "right": 0,
                                "top": 0,
                                "zIndex": 0,
                              }
                            }
                          >
                            <View
                              style={
                                Object {
                                  "backgroundColor": "#121212",
                                  "borderBottomColor": "rgb(224, 224, 224)",
                                  "flex": 1,
                                  "shadowColor": "rgb(224, 224, 224)",
                                  "shadowOffset": Object {
                                    "height": 0.5,
                                    "width": 0,
                                  },
                                  "shadowOpacity": 0.85,
                                  "shadowRadius": 0,
                                }
                              }
                            />
                          </View>
                          <View
                            pointerEvents="box-none"
                            style={
                              Object {
                                "height": 64,
                                "maxHeight": undefined,
                                "minHeight": undefined,
                                "opacity": undefined,
                                "transform": undefined,
                              }
                            }
                          >
                            <View
                              pointerEvents="none"
                              style={
                                Object {
                                  "height": 20,
                                }
                              }
                            />
                            <View
                              pointerEvents="box-none"
                              style={
                                Object {
                                  "alignItems": "center",
                                  "flex": 1,
                                  "flexDirection": "row",
                                  "justifyContent": "center",
                                }
                              }
                            >
                              <View
                                pointerEvents="box-none"
                                style={
                                  Object {
                                    "marginHorizontal": 16,
                                    "opacity": 1,
                                  }
                                }
                              >
                                <Text
                                  accessibilityRole="header"
                                  numberOfLines={1}
                                  onLayout={[Function]}
                                  style={
                                    Object {
                                      "color": "#BB86FC",
                                      "fontSize": 17,
                                      "fontWeight": "600",
                                    }
                                  }
                                >
                                  Profile
                                </Text>
                              </View>
                            </View>
                          </View>
                        </View>
                      </View>
                    </View>
                  </View>
                  <View
                    pointerEvents="box-none"
                  >
                    <View
                      accessibilityElementsHidden={false}
                      importantForAccessibility="auto"
                      onLayout={[Function]}
                      pointerEvents="box-none"
                      style={null}
                    />
                  </View>
                </View>
              </View>
            </View>
          </View>
        </View>
      </View>
    </View>
  </RNCSafeAreaView>
</View>
`;
